[2026-09-27 10:46:30] local.ERROR: SQLSTATE[HY000]: General error: 1419 You do not have the SUPER privilege and binary logging is enabled (you *might* want to use the less safe log_bin_trust_function_creators variable) (Connection: mysql, Host: 127.0.0.1, Port: 3306, Database: zafer_pms_test, SQL:     CREATE TRIGGER audit_events_no_update
    BEFORE UPDATE ON audit_events
    FOR EACH ROW
    SIGNAL SQLSTATE '45000'
    SET MESSAGE_TEXT = 'audit_events is append-only: UPDATE is prohibited by ADR-0016') {"exception":"[object] (Illuminate\\Database\\QueryException(code: HY000): SQLSTATE[HY000]: General error: 1419 You do not have the SUPER privilege and binary logging is enabled (you *might* want to use the less safe log_bin_trust_function_creators variable) (Connection: mysql, Host: 127.0.0.1, Port: 3306, Database: zafer_pms_test, SQL:     CREATE TRIGGER audit_events_no_update
    BEFORE UPDATE ON audit_events
    FOR EACH ROW
    SIGNAL SQLSTATE '45000'
    SET MESSAGE_TEXT = 'audit_events is append-only: UPDATE is prohibited by ADR-0016') at C:/Users/User/Desktop/Zafer Al-Asriya pms-crs/vendor/laravel/framework/src/Illuminate/Database/Connection.php:857)
[stacktrace]
#0 C:/Users/User/Desktop/Zafer Al-Asriya pms-crs/vendor/laravel/framework/src/Illuminate/Database/Connection.php(813): Illuminate/Database/Connection->runQueryCallback('    CREATE TRIG...', Array, Object(Closure))
#1 C:/Users/User/Desktop/Zafer Al-Asriya pms-crs/vendor/laravel/framework/src/Illuminate/Database/Connection.php(644): Illuminate/Database/Connection->run('    CREATE TRIG...', Array, Object(Closure))
#2 C:/Users/User/Desktop/Zafer Al-Asriya pms-crs/vendor/laravel/framework/src/Illuminate/Database/DatabaseManager.php(502): Illuminate/Database/Connection->unprepared('    CREATE TRIG...')
#3 C:/Users/User/Desktop/Zafer Al-Asriya pms-crs/vendor/laravel/framework/src/Illuminate/Support/Facades/Facade.php(364): Illuminate/Database/DatabaseManager->__call('unprepared', Array)
#4 C:/Users/User/Desktop/Zafer Al-Asriya pms-crs/database/migrations/2026_09_27_000001_create_audit_events_table.php(81): Illuminate/Support/Facades/Facade::__callStatic('unprepared', Array)
#5 C:/Users/User/Desktop/Zafer Al-Asriya pms-crs/database/migrations/2026_09_27_000001_create_audit_events_table.php(67): Illuminate/Database/Migrations/Migration@anonymous->installImmutabilityGuards()
#6 C:/Users/User/Desktop/Zafer Al-Asriya pms-crs/vendor/laravel/framework/src/Illuminate/Database/Migrations/Migrator.php(517): Illuminate/Database/Migrations/Migration@anonymous->up()
#7 C:/Users/User/Desktop/Zafer Al-Asriya pms-crs/vendor/laravel/framework/src/Illuminate/Database/Migrations/Migrator.php(442): Illuminate/Database/Migrations/Migrator->runMethod(Object(Illuminate/Database/MySqlConnection), Object(Illuminate/Database/Migrations/Migration@anonymous), 'up')
#8 C:/Users/User/Desktop/Zafer Al-Asriya pms-crs/vendor/laravel/framework/src/Illuminate/Database/Migrations/Migrator.php(451): Illuminate/Database/Migrations/Migrator->Illuminate/Database/Migrations/{closure}()
#9 C:/Users/User/Desktop/Zafer Al-Asriya pms-crs/vendor/laravel/framework/src/Illuminate/Database/Migrations/Migrator.php(253): Illuminate/Database/Migrations/Migrator->runMigration(Object(Illuminate/Database/Migrations/Migration@anonymous), 'up', '2026_09_27_0000...')
#10 C:/Users/User/Desktop/Zafer Al-Asriya pms-crs/vendor/laravel/framework/src/Illuminate/Console/View/Components/Task.php(43): Illuminate/Database/Migrations/Migrator->Illuminate/Database/Migrations/{closure}()
#11 C:/Users/User/Desktop/Zafer Al-Asriya pms-crs/vendor/laravel/framework/src/Illuminate/Database/Migrations/Migrator.php(853): Illuminate/Console/View/Components/Task->render('2026_09_27_0000...', Object(Closure))
#12 C:/Users/User/Desktop/Zafer Al-Asriya pms-crs/vendor/laravel/framework/src/Illuminate/Database/Migrations/Migrator.php(253): Illuminate/Database/Migrations/Migrator->write('Illuminate//Cons...', '2026_09_27_0000...', Object(Closure))
#13 C:/Users/User/Desktop/Zafer Al-Asriya pms-crs/vendor/laravel/framework/src/Illuminate/Database/Migrations/Migrator.php(211): Illuminate/Database/Migrations/Migrator->runUp('C://Users//User//D...', 1, false)
#14 C:/Users/User/Desktop/Zafer Al-Asriya pms-crs/vendor/laravel/framework/src/Illuminate/Database/Migrations/Migrator.php(138): Illuminate/Database/Migrations/Migrator->runPending(Array, Array)
#15 C:/Users/User/Desktop/Zafer Al-Asriya pms-crs/vendor/laravel/framework/src/Illuminate/Database/Console/Migrations/MigrateCommand.php(118): Illuminate/Database/Migrations/Migrator->run(Array, Array)
#16 C:/Users/User/Desktop/Zafer Al-Asriya pms-crs/vendor/laravel/framework/src/Illuminate/Database/Migrations/Migrator.php(672): Illuminate/Database/Console/Migrations/MigrateCommand->Illuminate/Database/Console/Migrations/{closure}()
#17 C:/Users/User/Desktop/Zafer Al-Asriya pms-crs/vendor/laravel/framework/src/Illuminate/Database/Console/Migrations/MigrateCommand.php(111): Illuminate/Database/Migrations/Migrator->usingConnection(NULL, Object(Closure))
#18 C:/Users/User/Desktop/Zafer Al-Asriya pms-crs/vendor/laravel/framework/src/Illuminate/Database/Console/Migrations/MigrateCommand.php(90): Illuminate/Database/Console/Migrations/MigrateCommand->runMigrations()
#19 C:/Users/User/Desktop/Zafer Al-Asriya pms-crs/vendor/laravel/framework/src/Illuminate/Container/BoundMethod.php(36): Illuminate/Database/Console/Migrations/MigrateCommand->handle()
#20 C:/Users/User/Desktop/Zafer Al-Asriya pms-crs/vendor/laravel/framework/src/Illuminate/Container/Util.php(43): Illuminate/Container/BoundMethod::Illuminate/Container/{closure}()
#21 C:/Users/User/Desktop/Zafer Al-Asriya pms-crs/vendor/laravel/framework/src/Illuminate/Container/BoundMethod.php(96): Illuminate/Container/Util::unwrapIfClosure(Object(Closure))
#22 C:/Users/User/Desktop/Zafer Al-Asriya pms-crs/vendor/laravel/framework/src/Illuminate/Container/BoundMethod.php(35): Illuminate/Container/BoundMethod::callBoundMethod(Object(Illuminate/Foundation/Application), Array, Object(Closure))
#23 C:/Users/User/Desktop/Zafer Al-Asriya pms-crs/vendor/laravel/framework/src/Illuminate/Container/Container.php(803): Illuminate/Container/BoundMethod::call(Object(Illuminate/Foundation/Application), Array, Array, NULL)
#24 C:/Users/User/Desktop/Zafer Al-Asriya pms-crs/vendor/laravel/framework/src/Illuminate/Console/Command.php(292): Illuminate/Container/Container->call(Array)
#25 C:/Users/User/Desktop/Zafer Al-Asriya pms-crs/vendor/symfony/console/Command/Command.php(341): Illuminate/Console/Command->execute(Object(Symfony/Component/Console/Input/ArgvInput), Object(Laravel/Pao/Laravel/PaoOutputStyle))
#26 C:/Users/User/Desktop/Zafer Al-Asriya pms-crs/vendor/laravel/framework/src/Illuminate/Console/Command.php(261): Symfony/Component/Console/Command/Command->run(Object(Symfony/Component/Console/Input/ArgvInput), Object(Laravel/Pao/Laravel/PaoOutputStyle))
#27 C:/Users/User/Desktop/Zafer Al-Asriya pms-crs/vendor/symfony/console/Application.php(1117): Illuminate/Console/Command->run(Object(Symfony/Component/Console/Input/ArgvInput), Object(Symfony/Component/Console/Output/ConsoleOutput))
#28 C:/Users/User/Desktop/Zafer Al-Asriya pms-crs/vendor/symfony/console/Application.php(356): Symfony/Component/Console/Application->doRunCommand(Object(Illuminate/Database/Console/Migrations/MigrateCommand), Object(Symfony/Component/Console/Input/ArgvInput), Object(Symfony/Component/Console/Output/ConsoleOutput))
#29 C:/Users/User/Desktop/Zafer Al-Asriya pms-crs/vendor/symfony/console/Application.php(195): Symfony/Component/Console/Application->doRun(Object(Symfony/Component/Console/Input/ArgvInput), Object(Symfony/Component/Console/Output/ConsoleOutput))
#30 C:/Users/User/Desktop/Zafer Al-Asriya pms-crs/vendor/laravel/framework/src/Illuminate/Foundation/Console/Kernel.php(198): Symfony/Component/Console/Application->run(Object(Symfony/Component/Console/Input/ArgvInput), Object(Symfony/Component/Console/Output/ConsoleOutput))
#31 C:/Users/User/Desktop/Zafer Al-Asriya pms-crs/vendor/laravel/framework/src/Illuminate/Foundation/Application.php(1242): Illuminate/Foundation/Console/Kernel->handle(Object(Symfony/Component/Console/Input/ArgvInput), Object(Symfony/Component/Console/Output/ConsoleOutput))
#32 C:/Users/User/Desktop/Zafer Al-Asriya pms-crs/artisan(16): Illuminate/Foundation/Application->handleCommand(Object(Symfony/Component/Console/Input/ArgvInput))
#33 {main}

[previous exception] [object] (PDOException(code: HY000): SQLSTATE[HY000]: General error: 1419 You do not have the SUPER privilege and binary logging is enabled (you *might* want to use the less safe log_bin_trust_function_creators variable) at C:/Users/User/Desktop/Zafer Al-Asriya pms-crs/vendor/laravel/framework/src/Illuminate/Database/Connection.php:650)
[stacktrace]
#0 C:/Users/User/Desktop/Zafer Al-Asriya pms-crs/vendor/laravel/framework/src/Illuminate/Database/Connection.php(650): PDO->exec('    CREATE TRIG...')
#1 C:/Users/User/Desktop/Zafer Al-Asriya pms-crs/vendor/laravel/framework/src/Illuminate/Database/Connection.php(846): Illuminate/Database/Connection->Illuminate/Database/{closure}('    CREATE TRIG...', Array)
#2 C:/Users/User/Desktop/Zafer Al-Asriya pms-crs/vendor/laravel/framework/src/Illuminate/Database/Connection.php(813): Illuminate/Database/Connection->runQueryCallback('    CREATE TRIG...', Array, Object(Closure))
#3 C:/Users/User/Desktop/Zafer Al-Asriya pms-crs/vendor/laravel/framework/src/Illuminate/Database/Connection.php(644): Illuminate/Database/Connection->run('    CREATE TRIG...', Array, Object(Closure))
#4 C:/Users/User/Desktop/Zafer Al-Asriya pms-crs/vendor/laravel/framework/src/Illuminate/Database/DatabaseManager.php(502): Illuminate/Database/Connection->unprepared('    CREATE TRIG...')
#5 C:/Users/User/Desktop/Zafer Al-Asriya pms-crs/vendor/laravel/framework/src/Illuminate/Support/Facades/Facade.php(364): Illuminate/Database/DatabaseManager->__call('unprepared', Array)
#6 C:/Users/User/Desktop/Zafer Al-Asriya pms-crs/database/migrations/2026_09_27_000001_create_audit_events_table.php(81): Illuminate/Support/Facades/Facade::__callStatic('unprepared', Array)
#7 C:/Users/User/Desktop/Zafer Al-Asriya pms-crs/database/migrations/2026_09_27_000001_create_audit_events_table.php(67): Illuminate/Database/Migrations/Migration@anonymous->installImmutabilityGuards()
#8 C:/Users/User/Desktop/Zafer Al-Asriya pms-crs/vendor/laravel/framework/src/Illuminate/Database/Migrations/Migrator.php(517): Illuminate/Database/Migrations/Migration@anonymous->up()
#9 C:/Users/User/Desktop/Zafer Al-Asriya pms-crs/vendor/laravel/framework/src/Illuminate/Database/Migrations/Migrator.php(442): Illuminate/Database/Migrations/Migrator->runMethod(Object(Illuminate/Database/MySqlConnection), Object(Illuminate/Database/Migrations/Migration@anonymous), 'up')
#10 C:/Users/User/Desktop/Zafer Al-Asriya pms-crs/vendor/laravel/framework/src/Illuminate/Database/Migrations/Migrator.php(451): Illuminate/Database/Migrations/Migrator->Illuminate/Database/Migrations/{closure}()
#11 C:/Users/User/Desktop/Zafer Al-Asriya pms-crs/vendor/laravel/framework/src/Illuminate/Database/Migrations/Migrator.php(253): Illuminate/Database/Migrations/Migrator->runMigration(Object(Illuminate/Database/Migrations/Migration@anonymous), 'up', '2026_09_27_0000...')
#12 C:/Users/User/Desktop/Zafer Al-Asriya pms-crs/vendor/laravel/framework/src/Illuminate/Console/View/Components/Task.php(43): Illuminate/Database/Migrations/Migrator->Illuminate/Database/Migrations/{closure}()
#13 C:/Users/User/Desktop/Zafer Al-Asriya pms-crs/vendor/laravel/framework/src/Illuminate/Database/Migrations/Migrator.php(853): Illuminate/Console/View/Components/Task->render('2026_09_27_0000...', Object(Closure))
#14 C:/Users/User/Desktop/Zafer Al-Asriya pms-crs/vendor/laravel/framework/src/Illuminate/Database/Migrations/Migrator.php(253): Illuminate/Database/Migrations/Migrator->write('Illuminate//Cons...', '2026_09_27_0000...', Object(Closure))
#15 C:/Users/User/Desktop/Zafer Al-Asriya pms-crs/vendor/laravel/framework/src/Illuminate/Database/Migrations/Migrator.php(211): Illuminate/Database/Migrations/Migrator->runUp('C://Users//User//D...', 1, false)
#16 C:/Users/User/Desktop/Zafer Al-Asriya pms-crs/vendor/laravel/framework/src/Illuminate/Database/Migrations/Migrator.php(138): Illuminate/Database/Migrations/Migrator->runPending(Array, Array)
#17 C:/Users/User/Desktop/Zafer Al-Asriya pms-crs/vendor/laravel/framework/src/Illuminate/Database/Console/Migrations/MigrateCommand.php(118): Illuminate/Database/Migrations/Migrator->run(Array, Array)
#18 C:/Users/User/Desktop/Zafer Al-Asriya pms-crs/vendor/laravel/framework/src/Illuminate/Database/Migrations/Migrator.php(672): Illuminate/Database/Console/Migrations/MigrateCommand->Illuminate/Database/Console/Migrations/{closure}()
#19 C:/Users/User/Desktop/Zafer Al-Asriya pms-crs/vendor/laravel/framework/src/Illuminate/Database/Console/Migrations/MigrateCommand.php(111): Illuminate/Database/Migrations/Migrator->usingConnection(NULL, Object(Closure))
#20 C:/Users/User/Desktop/Zafer Al-Asriya pms-crs/vendor/laravel/framework/src/Illuminate/Database/Console/Migrations/MigrateCommand.php(90): Illuminate/Database/Console/Migrations/MigrateCommand->runMigrations()
#21 C:/Users/User/Desktop/Zafer Al-Asriya pms-crs/vendor/laravel/framework/src/Illuminate/Container/BoundMethod.php(36): Illuminate/Database/Console/Migrations/MigrateCommand->handle()
#22 C:/Users/User/Desktop/Zafer Al-Asriya pms-crs/vendor/laravel/framework/src/Illuminate/Container/Util.php(43): Illuminate/Container/BoundMethod::Illuminate/Container/{closure}()
#23 C:/Users/User/Desktop/Zafer Al-Asriya pms-crs/vendor/laravel/framework/src/Illuminate/Container/BoundMethod.php(96): Illuminate/Container/Util::unwrapIfClosure(Object(Closure))
#24 C:/Users/User/Desktop/Zafer Al-Asriya pms-crs/vendor/laravel/framework/src/Illuminate/Container/BoundMethod.php(35): Illuminate/Container/BoundMethod::callBoundMethod(Object(Illuminate/Foundation/Application), Array, Object(Closure))
#25 C:/Users/User/Desktop/Zafer Al-Asriya pms-crs/vendor/laravel/framework/src/Illuminate/Container/Container.php(803): Illuminate/Container/BoundMethod::call(Object(Illuminate/Foundation/Application), Array, Array, NULL)
#26 C:/Users/User/Desktop/Zafer Al-Asriya pms-crs/vendor/laravel/framework/src/Illuminate/Console/Command.php(292): Illuminate/Container/Container->call(Array)
#27 C:/Users/User/Desktop/Zafer Al-Asriya pms-crs/vendor/symfony/console/Command/Command.php(341): Illuminate/Console/Command->execute(Object(Symfony/Component/Console/Input/ArgvInput), Object(Laravel/Pao/Laravel/PaoOutputStyle))
#28 C:/Users/User/Desktop/Zafer Al-Asriya pms-crs/vendor/laravel/framework/src/Illuminate/Console/Command.php(261): Symfony/Component/Console/Command/Command->run(Object(Symfony/Component/Console/Input/ArgvInput), Object(Laravel/Pao/Laravel/PaoOutputStyle))
#29 C:/Users/User/Desktop/Zafer Al-Asriya pms-crs/vendor/symfony/console/Application.php(1117): Illuminate/Console/Command->run(Object(Symfony/Component/Console/Input/ArgvInput), Object(Symfony/Component/Console/Output/ConsoleOutput))
#30 C:/Users/User/Desktop/Zafer Al-Asriya pms-crs/vendor/symfony/console/Application.php(356): Symfony/Component/Console/Application->doRunCommand(Object(Illuminate/Database/Console/Migrations/MigrateCommand), Object(Symfony/Component/Console/Input/ArgvInput), Object(Symfony/Component/Console/Output/ConsoleOutput))
#31 C:/Users/User/Desktop/Zafer Al-Asriya pms-crs/vendor/symfony/console/Application.php(195): Symfony/Component/Console/Application->doRun(Object(Symfony/Component/Console/Input/ArgvInput), Object(Symfony/Component/Console/Output/ConsoleOutput))
#32 C:/Users/User/Desktop/Zafer Al-Asriya pms-crs/vendor/laravel/framework/src/Illuminate/Foundation/Console/Kernel.php(198): Symfony/Component/Console/Application->run(Object(Symfony/Component/Console/Input/ArgvInput), Object(Symfony/Component/Console/Output/ConsoleOutput))
#33 C:/Users/User/Desktop/Zafer Al-Asriya pms-crs/vendor/laravel/framework/src/Illuminate/Foundation/Application.php(1242): Illuminate/Foundation/Console/Kernel->handle(Object(Symfony/Component/Console/Input/ArgvInput), Object(Symfony/Component/Console/Output/ConsoleOutput))
#34 C:/Users/User/Desktop/Zafer Al-Asriya pms-crs/artisan(16): Illuminate/Foundation/Application->handleCommand(Object(Symfony/Component/Console/Input/ArgvInput))
#35 {main}
"} 
[2026-09-27 10:47:05] local.ERROR: The use statement with non-compound name 'RuntimeException' has no effect {"exception":"[object] (ErrorException(code: 0): The use statement with non-compound name 'RuntimeException' has no effect at C:/Users/User/Desktop/Zafer Al-Asriya pms-crs/database/migrations/2026_09_27_000001_create_audit_events_table.php:9)
[stacktrace]
#0 C:/Users/User/Desktop/Zafer Al-Asriya pms-crs/vendor/laravel/framework/src/Illuminate/Foundation/Bootstrap/HandleExceptions.php(265): Illuminate/Foundation/Bootstrap/HandleExceptions->handleError(2, 'The use stateme...', 'C://Users//User//D...', 9)
#1 C:/Users/User/Desktop/Zafer Al-Asriya pms-crs/vendor/laravel/framework/src/Illuminate/Filesystem/Filesystem.php(148): Illuminate/Foundation/Bootstrap/HandleExceptions->Illuminate/Foundation/Bootstrap/{closure}(2, 'The use stateme...', 'C://Users//User//D...', 9)
#2 C:/Users/User/Desktop/Zafer Al-Asriya pms-crs/vendor/laravel/framework/src/Illuminate/Filesystem/Filesystem.php(148): require_once('C://Users//User//D...')
#3 C:/Users/User/Desktop/Zafer Al-Asriya pms-crs/vendor/laravel/framework/src/Illuminate/Filesystem/Filesystem.php(149): Illuminate/Filesystem/Filesystem::Illuminate/Filesystem/{closure}()
#4 C:/Users/User/Desktop/Zafer Al-Asriya pms-crs/vendor/laravel/framework/src/Illuminate/Database/Migrations/Migrator.php(598): Illuminate/Filesystem/Filesystem->requireOnce('C://Users//User//D...')
#5 C:/Users/User/Desktop/Zafer Al-Asriya pms-crs/vendor/laravel/framework/src/Illuminate/Database/Migrations/Migrator.php(131): Illuminate/Database/Migrations/Migrator->requireFiles(Array)
#6 C:/Users/User/Desktop/Zafer Al-Asriya pms-crs/vendor/laravel/framework/src/Illuminate/Database/Console/Migrations/MigrateCommand.php(118): Illuminate/Database/Migrations/Migrator->run(Array, Array)
#7 C:/Users/User/Desktop/Zafer Al-Asriya pms-crs/vendor/laravel/framework/src/Illuminate/Database/Migrations/Migrator.php(672): Illuminate/Database/Console/Migrations/MigrateCommand->Illuminate/Database/Console/Migrations/{closure}()
#8 C:/Users/User/Desktop/Zafer Al-Asriya pms-crs/vendor/laravel/framework/src/Illuminate/Database/Console/Migrations/MigrateCommand.php(111): Illuminate/Database/Migrations/Migrator->usingConnection(NULL, Object(Closure))
#9 C:/Users/User/Desktop/Zafer Al-Asriya pms-crs/vendor/laravel/framework/src/Illuminate/Database/Console/Migrations/MigrateCommand.php(90): Illuminate/Database/Console/Migrations/MigrateCommand->runMigrations()
#10 C:/Users/User/Desktop/Zafer Al-Asriya pms-crs/vendor/laravel/framework/src/Illuminate/Container/BoundMethod.php(36): Illuminate/Database/Console/Migrations/MigrateCommand->handle()
#11 C:/Users/User/Desktop/Zafer Al-Asriya pms-crs/vendor/laravel/framework/src/Illuminate/Container/Util.php(43): Illuminate/Container/BoundMethod::Illuminate/Container/{closure}()
#12 C:/Users/User/Desktop/Zafer Al-Asriya pms-crs/vendor/laravel/framework/src/Illuminate/Container/BoundMethod.php(96): Illuminate/Container/Util::unwrapIfClosure(Object(Closure))
#13 C:/Users/User/Desktop/Zafer Al-Asriya pms-crs/vendor/laravel/framework/src/Illuminate/Container/BoundMethod.php(35): Illuminate/Container/BoundMethod::callBoundMethod(Object(Illuminate/Foundation/Application), Array, Object(Closure))
#14 C:/Users/User/Desktop/Zafer Al-Asriya pms-crs/vendor/laravel/framework/src/Illuminate/Container/Container.php(803): Illuminate/Container/BoundMethod::call(Object(Illuminate/Foundation/Application), Array, Array, NULL)
#15 C:/Users/User/Desktop/Zafer Al-Asriya pms-crs/vendor/laravel/framework/src/Illuminate/Console/Command.php(292): Illuminate/Container/Container->call(Array)
#16 C:/Users/User/Desktop/Zafer Al-Asriya pms-crs/vendor/symfony/console/Command/Command.php(341): Illuminate/Console/Command->execute(Object(Symfony/Component/Console/Input/ArgvInput), Object(Laravel/Pao/Laravel/PaoOutputStyle))
#17 C:/Users/User/Desktop/Zafer Al-Asriya pms-crs/vendor/laravel/framework/src/Illuminate/Console/Command.php(261): Symfony/Component/Console/Command/Command->run(Object(Symfony/Component/Console/Input/ArgvInput), Object(Laravel/Pao/Laravel/PaoOutputStyle))
#18 C:/Users/User/Desktop/Zafer Al-Asriya pms-crs/vendor/symfony/console/Application.php(1117): Illuminate/Console/Command->run(Object(Symfony/Component/Console/Input/ArgvInput), Object(Symfony/Component/Console/Output/ConsoleOutput))
#19 C:/Users/User/Desktop/Zafer Al-Asriya pms-crs/vendor/symfony/console/Application.php(356): Symfony/Component/Console/Application->doRunCommand(Object(Illuminate/Database/Console/Migrations/MigrateCommand), Object(Symfony/Component/Console/Input/ArgvInput), Object(Symfony/Component/Console/Output/ConsoleOutput))
#20 C:/Users/User/Desktop/Zafer Al-Asriya pms-crs/vendor/symfony/console/Application.php(195): Symfony/Component/Console/Application->doRun(Object(Symfony/Component/Console/Input/ArgvInput), Object(Symfony/Component/Console/Output/ConsoleOutput))
#21 C:/Users/User/Desktop/Zafer Al-Asriya pms-crs/vendor/laravel/framework/src/Illuminate/Foundation/Console/Kernel.php(198): Symfony/Component/Console/Application->run(Object(Symfony/Component/Console/Input/ArgvInput), Object(Symfony/Component/Console/Output/ConsoleOutput))
#22 C:/Users/User/Desktop/Zafer Al-Asriya pms-crs/vendor/laravel/framework/src/Illuminate/Foundation/Application.php(1242): Illuminate/Foundation/Console/Kernel->handle(Object(Symfony/Component/Console/Input/ArgvInput), Object(Symfony/Component/Console/Output/ConsoleOutput))
#23 C:/Users/User/Desktop/Zafer Al-Asriya pms-crs/artisan(16): Illuminate/Foundation/Application->handleCommand(Object(Symfony/Component/Console/Input/ArgvInput))
#24 {main}
"} 
[2026-09-27 10:47:13] local.ERROR: The use statement with non-compound name 'Throwable' has no effect {"exception":"[object] (ErrorException(code: 0): The use statement with non-compound name 'Throwable' has no effect at C:/Users/User/Desktop/Zafer Al-Asriya pms-crs/database/migrations/2026_09_27_000001_create_audit_events_table.php:9)
[stacktrace]
#0 C:/Users/User/Desktop/Zafer Al-Asriya pms-crs/vendor/laravel/framework/src/Illuminate/Foundation/Bootstrap/HandleExceptions.php(265): Illuminate/Foundation/Bootstrap/HandleExceptions->handleError(2, 'The use stateme...', 'C://Users//User//D...', 9)
#1 C:/Users/User/Desktop/Zafer Al-Asriya pms-crs/vendor/laravel/framework/src/Illuminate/Filesystem/Filesystem.php(148): Illuminate/Foundation/Bootstrap/HandleExceptions->Illuminate/Foundation/Bootstrap/{closure}(2, 'The use stateme...', 'C://Users//User//D...', 9)
#2 C:/Users/User/Desktop/Zafer Al-Asriya pms-crs/vendor/laravel/framework/src/Illuminate/Filesystem/Filesystem.php(148): require_once('C://Users//User//D...')
#3 C:/Users/User/Desktop/Zafer Al-Asriya pms-crs/vendor/laravel/framework/src/Illuminate/Filesystem/Filesystem.php(149): Illuminate/Filesystem/Filesystem::Illuminate/Filesystem/{closure}()
#4 C:/Users/User/Desktop/Zafer Al-Asriya pms-crs/vendor/laravel/framework/src/Illuminate/Database/Migrations/Migrator.php(598): Illuminate/Filesystem/Filesystem->requireOnce('C://Users//User//D...')
#5 C:/Users/User/Desktop/Zafer Al-Asriya pms-crs/vendor/laravel/framework/src/Illuminate/Database/Migrations/Migrator.php(131): Illuminate/Database/Migrations/Migrator->requireFiles(Array)
#6 C:/Users/User/Desktop/Zafer Al-Asriya pms-crs/vendor/laravel/framework/src/Illuminate/Database/Console/Migrations/MigrateCommand.php(118): Illuminate/Database/Migrations/Migrator->run(Array, Array)
#7 C:/Users/User/Desktop/Zafer Al-Asriya pms-crs/vendor/laravel/framework/src/Illuminate/Database/Migrations/Migrator.php(672): Illuminate/Database/Console/Migrations/MigrateCommand->Illuminate/Database/Console/Migrations/{closure}()
#8 C:/Users/User/Desktop/Zafer Al-Asriya pms-crs/vendor/laravel/framework/src/Illuminate/Database/Console/Migrations/MigrateCommand.php(111): Illuminate/Database/Migrations/Migrator->usingConnection(NULL, Object(Closure))
#9 C:/Users/User/Desktop/Zafer Al-Asriya pms-crs/vendor/laravel/framework/src/Illuminate/Database/Console/Migrations/MigrateCommand.php(90): Illuminate/Database/Console/Migrations/MigrateCommand->runMigrations()
#10 C:/Users/User/Desktop/Zafer Al-Asriya pms-crs/vendor/laravel/framework/src/Illuminate/Container/BoundMethod.php(36): Illuminate/Database/Console/Migrations/MigrateCommand->handle()
#11 C:/Users/User/Desktop/Zafer Al-Asriya pms-crs/vendor/laravel/framework/src/Illuminate/Container/Util.php(43): Illuminate/Container/BoundMethod::Illuminate/Container/{closure}()
#12 C:/Users/User/Desktop/Zafer Al-Asriya pms-crs/vendor/laravel/framework/src/Illuminate/Container/BoundMethod.php(96): Illuminate/Container/Util::unwrapIfClosure(Object(Closure))
#13 C:/Users/User/Desktop/Zafer Al-Asriya pms-crs/vendor/laravel/framework/src/Illuminate/Container/BoundMethod.php(35): Illuminate/Container/BoundMethod::callBoundMethod(Object(Illuminate/Foundation/Application), Array, Object(Closure))
#14 C:/Users/User/Desktop/Zafer Al-Asriya pms-crs/vendor/laravel/framework/src/Illuminate/Container/Container.php(803): Illuminate/Container/BoundMethod::call(Object(Illuminate/Foundation/Application), Array, Array, NULL)
#15 C:/Users/User/Desktop/Zafer Al-Asriya pms-crs/vendor/laravel/framework/src/Illuminate/Console/Command.php(292): Illuminate/Container/Container->call(Array)
#16 C:/Users/User/Desktop/Zafer Al-Asriya pms-crs/vendor/symfony/console/Command/Command.php(341): Illuminate/Console/Command->execute(Object(Symfony/Component/Console/Input/ArgvInput), Object(Laravel/Pao/Laravel/PaoOutputStyle))
#17 C:/Users/User/Desktop/Zafer Al-Asriya pms-crs/vendor/laravel/framework/src/Illuminate/Console/Command.php(261): Symfony/Component/Console/Command/Command->run(Object(Symfony/Component/Console/Input/ArgvInput), Object(Laravel/Pao/Laravel/PaoOutputStyle))
#18 C:/Users/User/Desktop/Zafer Al-Asriya pms-crs/vendor/symfony/console/Application.php(1117): Illuminate/Console/Command->run(Object(Symfony/Component/Console/Input/ArgvInput), Object(Symfony/Component/Console/Output/ConsoleOutput))
#19 C:/Users/User/Desktop/Zafer Al-Asriya pms-crs/vendor/symfony/console/Application.php(356): Symfony/Component/Console/Application->doRunCommand(Object(Illuminate/Database/Console/Migrations/MigrateCommand), Object(Symfony/Component/Console/Input/ArgvInput), Object(Symfony/Component/Console/Output/ConsoleOutput))
#20 C:/Users/User/Desktop/Zafer Al-Asriya pms-crs/vendor/symfony/console/Application.php(195): Symfony/Component/Console/Application->doRun(Object(Symfony/Component/Console/Input/ArgvInput), Object(Symfony/Component/Console/Output/ConsoleOutput))
#21 C:/Users/User/Desktop/Zafer Al-Asriya pms-crs/vendor/laravel/framework/src/Illuminate/Foundation/Console/Kernel.php(198): Symfony/Component/Console/Application->run(Object(Symfony/Component/Console/Input/ArgvInput), Object(Symfony/Component/Console/Output/ConsoleOutput))
#22 C:/Users/User/Desktop/Zafer Al-Asriya pms-crs/vendor/laravel/framework/src/Illuminate/Foundation/Application.php(1242): Illuminate/Foundation/Console/Kernel->handle(Object(Symfony/Component/Console/Input/ArgvInput), Object(Symfony/Component/Console/Output/ConsoleOutput))
#23 C:/Users/User/Desktop/Zafer Al-Asriya pms-crs/artisan(16): Illuminate/Foundation/Application->handleCommand(Object(Symfony/Component/Console/Input/ArgvInput))
#24 {main}
"} 
[2026-09-27 10:47:21] local.ERROR: SQLSTATE[42S01]: Base table or view already exists: 1050 Table 'audit_events' already exists (Connection: mysql, Host: 127.0.0.1, Port: 3306, Database: zafer_pms_test, SQL: create table `audit_events` (`id` char(26) not null, `action` varchar(80) not null, `actor_user_id` char(26) null, `actor_role` varchar(60) null, `property_id` char(26) null, `subject_type` varchar(80) null, `subject_id` char(26) null, `occurred_at` timestamp(6) not null, `reason` text null, `correlation_id` char(26) null, `source` varchar(120) not null, `result` varchar(80) not null, `before_state` json null, `after_state` json null, `context` json null, `created_at` timestamp(6) not null, primary key (`id`)) default character set utf8mb4 collate 'utf8mb4_unicode_ci') {"exception":"[object] (Illuminate\\Database\\QueryException(code: 42S01): SQLSTATE[42S01]: Base table or view already exists: 1050 Table 'audit_events' already exists (Connection: mysql, Host: 127.0.0.1, Port: 3306, Database: zafer_pms_test, SQL: create table `audit_events` (`id` char(26) not null, `action` varchar(80) not null, `actor_user_id` char(26) null, `actor_role` varchar(60) null, `property_id` char(26) null, `subject_type` varchar(80) null, `subject_id` char(26) null, `occurred_at` timestamp(6) not null, `reason` text null, `correlation_id` char(26) null, `source` varchar(120) not null, `result` varchar(80) not null, `before_state` json null, `after_state` json null, `context` json null, `created_at` timestamp(6) not null, primary key (`id`)) default character set utf8mb4 collate 'utf8mb4_unicode_ci') at C:/Users/User/Desktop/Zafer Al-Asriya pms-crs/vendor/laravel/framework/src/Illuminate/Database/Connection.php:857)
[stacktrace]
#0 C:/Users/User/Desktop/Zafer Al-Asriya pms-crs/vendor/laravel/framework/src/Illuminate/Database/Connection.php(813): Illuminate/Database/Connection->runQueryCallback('create table `a...', Array, Object(Closure))
#1 C:/Users/User/Desktop/Zafer Al-Asriya pms-crs/vendor/laravel/framework/src/Illuminate/Database/Connection.php(590): Illuminate/Database/Connection->run('create table `a...', Array, Object(Closure))
#2 C:/Users/User/Desktop/Zafer Al-Asriya pms-crs/vendor/laravel/framework/src/Illuminate/Database/Schema/Blueprint.php(122): Illuminate/Database/Connection->statement('create table `a...')
#3 C:/Users/User/Desktop/Zafer Al-Asriya pms-crs/vendor/laravel/framework/src/Illuminate/Database/Schema/Builder.php(704): Illuminate/Database/Schema/Blueprint->build()
#4 C:/Users/User/Desktop/Zafer Al-Asriya pms-crs/vendor/laravel/framework/src/Illuminate/Database/Schema/Builder.php(522): Illuminate/Database/Schema/Builder->build(Object(Illuminate/Database/Schema/Blueprint))
#5 C:/Users/User/Desktop/Zafer Al-Asriya pms-crs/vendor/laravel/framework/src/Illuminate/Support/Facades/Facade.php(364): Illuminate/Database/Schema/Builder->create('audit_events', Object(Closure))
#6 C:/Users/User/Desktop/Zafer Al-Asriya pms-crs/database/migrations/2026_09_27_000001_create_audit_events_table.php(30): Illuminate/Support/Facades/Facade::__callStatic('create', Array)
#7 C:/Users/User/Desktop/Zafer Al-Asriya pms-crs/vendor/laravel/framework/src/Illuminate/Database/Migrations/Migrator.php(517): Illuminate/Database/Migrations/Migration@anonymous->up()
#8 C:/Users/User/Desktop/Zafer Al-Asriya pms-crs/vendor/laravel/framework/src/Illuminate/Database/Migrations/Migrator.php(442): Illuminate/Database/Migrations/Migrator->runMethod(Object(Illuminate/Database/MySqlConnection), Object(Illuminate/Database/Migrations/Migration@anonymous), 'up')
#9 C:/Users/User/Desktop/Zafer Al-Asriya pms-crs/vendor/laravel/framework/src/Illuminate/Database/Migrations/Migrator.php(451): Illuminate/Database/Migrations/Migrator->Illuminate/Database/Migrations/{closure}()
#10 C:/Users/User/Desktop/Zafer Al-Asriya pms-crs/vendor/laravel/framework/src/Illuminate/Database/Migrations/Migrator.php(253): Illuminate/Database/Migrations/Migrator->runMigration(Object(Illuminate/Database/Migrations/Migration@anonymous), 'up', '2026_09_27_0000...')
#11 C:/Users/User/Desktop/Zafer Al-Asriya pms-crs/vendor/laravel/framework/src/Illuminate/Console/View/Components/Task.php(43): Illuminate/Database/Migrations/Migrator->Illuminate/Database/Migrations/{closure}()
#12 C:/Users/User/Desktop/Zafer Al-Asriya pms-crs/vendor/laravel/framework/src/Illuminate/Database/Migrations/Migrator.php(853): Illuminate/Console/View/Components/Task->render('2026_09_27_0000...', Object(Closure))
#13 C:/Users/User/Desktop/Zafer Al-Asriya pms-crs/vendor/laravel/framework/src/Illuminate/Database/Migrations/Migrator.php(253): Illuminate/Database/Migrations/Migrator->write('Illuminate//Cons...', '2026_09_27_0000...', Object(Closure))
#14 C:/Users/User/Desktop/Zafer Al-Asriya pms-crs/vendor/laravel/framework/src/Illuminate/Database/Migrations/Migrator.php(211): Illuminate/Database/Migrations/Migrator->runUp('C://Users//User//D...', 2, false)
#15 C:/Users/User/Desktop/Zafer Al-Asriya pms-crs/vendor/laravel/framework/src/Illuminate/Database/Migrations/Migrator.php(138): Illuminate/Database/Migrations/Migrator->runPending(Array, Array)
#16 C:/Users/User/Desktop/Zafer Al-Asriya pms-crs/vendor/laravel/framework/src/Illuminate/Database/Console/Migrations/MigrateCommand.php(118): Illuminate/Database/Migrations/Migrator->run(Array, Array)
#17 C:/Users/User/Desktop/Zafer Al-Asriya pms-crs/vendor/laravel/framework/src/Illuminate/Database/Migrations/Migrator.php(672): Illuminate/Database/Console/Migrations/MigrateCommand->Illuminate/Database/Console/Migrations/{closure}()
#18 C:/Users/User/Desktop/Zafer Al-Asriya pms-crs/vendor/laravel/framework/src/Illuminate/Database/Console/Migrations/MigrateCommand.php(111): Illuminate/Database/Migrations/Migrator->usingConnection(NULL, Object(Closure))
#19 C:/Users/User/Desktop/Zafer Al-Asriya pms-crs/vendor/laravel/framework/src/Illuminate/Database/Console/Migrations/MigrateCommand.php(90): Illuminate/Database/Console/Migrations/MigrateCommand->runMigrations()
#20 C:/Users/User/Desktop/Zafer Al-Asriya pms-crs/vendor/laravel/framework/src/Illuminate/Container/BoundMethod.php(36): Illuminate/Database/Console/Migrations/MigrateCommand->handle()
#21 C:/Users/User/Desktop/Zafer Al-Asriya pms-crs/vendor/laravel/framework/src/Illuminate/Container/Util.php(43): Illuminate/Container/BoundMethod::Illuminate/Container/{closure}()
#22 C:/Users/User/Desktop/Zafer Al-Asriya pms-crs/vendor/laravel/framework/src/Illuminate/Container/BoundMethod.php(96): Illuminate/Container/Util::unwrapIfClosure(Object(Closure))
#23 C:/Users/User/Desktop/Zafer Al-Asriya pms-crs/vendor/laravel/framework/src/Illuminate/Container/BoundMethod.php(35): Illuminate/Container/BoundMethod::callBoundMethod(Object(Illuminate/Foundation/Application), Array, Object(Closure))
#24 C:/Users/User/Desktop/Zafer Al-Asriya pms-crs/vendor/laravel/framework/src/Illuminate/Container/Container.php(803): Illuminate/Container/BoundMethod::call(Object(Illuminate/Foundation/Application), Array, Array, NULL)
#25 C:/Users/User/Desktop/Zafer Al-Asriya pms-crs/vendor/laravel/framework/src/Illuminate/Console/Command.php(292): Illuminate/Container/Container->call(Array)
#26 C:/Users/User/Desktop/Zafer Al-Asriya pms-crs/vendor/symfony/console/Command/Command.php(341): Illuminate/Console/Command->execute(Object(Symfony/Component/Console/Input/ArgvInput), Object(Laravel/Pao/Laravel/PaoOutputStyle))
#27 C:/Users/User/Desktop/Zafer Al-Asriya pms-crs/vendor/laravel/framework/src/Illuminate/Console/Command.php(261): Symfony/Component/Console/Command/Command->run(Object(Symfony/Component/Console/Input/ArgvInput), Object(Laravel/Pao/Laravel/PaoOutputStyle))
#28 C:/Users/User/Desktop/Zafer Al-Asriya pms-crs/vendor/symfony/console/Application.php(1117): Illuminate/Console/Command->run(Object(Symfony/Component/Console/Input/ArgvInput), Object(Symfony/Component/Console/Output/ConsoleOutput))
#29 C:/Users/User/Desktop/Zafer Al-Asriya pms-crs/vendor/symfony/console/Application.php(356): Symfony/Component/Console/Application->doRunCommand(Object(Illuminate/Database/Console/Migrations/MigrateCommand), Object(Symfony/Component/Console/Input/ArgvInput), Object(Symfony/Component/Console/Output/ConsoleOutput))
#30 C:/Users/User/Desktop/Zafer Al-Asriya pms-crs/vendor/symfony/console/Application.php(195): Symfony/Component/Console/Application->doRun(Object(Symfony/Component/Console/Input/ArgvInput), Object(Symfony/Component/Console/Output/ConsoleOutput))
#31 C:/Users/User/Desktop/Zafer Al-Asriya pms-crs/vendor/laravel/framework/src/Illuminate/Foundation/Console/Kernel.php(198): Symfony/Component/Console/Application->run(Object(Symfony/Component/Console/Input/ArgvInput), Object(Symfony/Component/Console/Output/ConsoleOutput))
#32 C:/Users/User/Desktop/Zafer Al-Asriya pms-crs/vendor/laravel/framework/src/Illuminate/Foundation/Application.php(1242): Illuminate/Foundation/Console/Kernel->handle(Object(Symfony/Component/Console/Input/ArgvInput), Object(Symfony/Component/Console/Output/ConsoleOutput))
#33 C:/Users/User/Desktop/Zafer Al-Asriya pms-crs/artisan(16): Illuminate/Foundation/Application->handleCommand(Object(Symfony/Component/Console/Input/ArgvInput))
#34 {main}

[previous exception] [object] (PDOException(code: 42S01): SQLSTATE[42S01]: Base table or view already exists: 1050 Table 'audit_events' already exists at C:/Users/User/Desktop/Zafer Al-Asriya pms-crs/vendor/laravel/framework/src/Illuminate/Database/Connection.php:601)
[stacktrace]
#0 C:/Users/User/Desktop/Zafer Al-Asriya pms-crs/vendor/laravel/framework/src/Illuminate/Database/Connection.php(601): PDOStatement->execute()
#1 C:/Users/User/Desktop/Zafer Al-Asriya pms-crs/vendor/laravel/framework/src/Illuminate/Database/Connection.php(846): Illuminate/Database/Connection->Illuminate/Database/{closure}('create table `a...', Array)
#2 C:/Users/User/Desktop/Zafer Al-Asriya pms-crs/vendor/laravel/framework/src/Illuminate/Database/Connection.php(813): Illuminate/Database/Connection->runQueryCallback('create table `a...', Array, Object(Closure))
#3 C:/Users/User/Desktop/Zafer Al-Asriya pms-crs/vendor/laravel/framework/src/Illuminate/Database/Connection.php(590): Illuminate/Database/Connection->run('create table `a...', Array, Object(Closure))
#4 C:/Users/User/Desktop/Zafer Al-Asriya pms-crs/vendor/laravel/framework/src/Illuminate/Database/Schema/Blueprint.php(122): Illuminate/Database/Connection->statement('create table `a...')
#5 C:/Users/User/Desktop/Zafer Al-Asriya pms-crs/vendor/laravel/framework/src/Illuminate/Database/Schema/Builder.php(704): Illuminate/Database/Schema/Blueprint->build()
#6 C:/Users/User/Desktop/Zafer Al-Asriya pms-crs/vendor/laravel/framework/src/Illuminate/Database/Schema/Builder.php(522): Illuminate/Database/Schema/Builder->build(Object(Illuminate/Database/Schema/Blueprint))
#7 C:/Users/User/Desktop/Zafer Al-Asriya pms-crs/vendor/laravel/framework/src/Illuminate/Support/Facades/Facade.php(364): Illuminate/Database/Schema/Builder->create('audit_events', Object(Closure))
#8 C:/Users/User/Desktop/Zafer Al-Asriya pms-crs/database/migrations/2026_09_27_000001_create_audit_events_table.php(30): Illuminate/Support/Facades/Facade::__callStatic('create', Array)
#9 C:/Users/User/Desktop/Zafer Al-Asriya pms-crs/vendor/laravel/framework/src/Illuminate/Database/Migrations/Migrator.php(517): Illuminate/Database/Migrations/Migration@anonymous->up()
#10 C:/Users/User/Desktop/Zafer Al-Asriya pms-crs/vendor/laravel/framework/src/Illuminate/Database/Migrations/Migrator.php(442): Illuminate/Database/Migrations/Migrator->runMethod(Object(Illuminate/Database/MySqlConnection), Object(Illuminate/Database/Migrations/Migration@anonymous), 'up')
#11 C:/Users/User/Desktop/Zafer Al-Asriya pms-crs/vendor/laravel/framework/src/Illuminate/Database/Migrations/Migrator.php(451): Illuminate/Database/Migrations/Migrator->Illuminate/Database/Migrations/{closure}()
#12 C:/Users/User/Desktop/Zafer Al-Asriya pms-crs/vendor/laravel/framework/src/Illuminate/Database/Migrations/Migrator.php(253): Illuminate/Database/Migrations/Migrator->runMigration(Object(Illuminate/Database/Migrations/Migration@anonymous), 'up', '2026_09_27_0000...')
#13 C:/Users/User/Desktop/Zafer Al-Asriya pms-crs/vendor/laravel/framework/src/Illuminate/Console/View/Components/Task.php(43): Illuminate/Database/Migrations/Migrator->Illuminate/Database/Migrations/{closure}()
#14 C:/Users/User/Desktop/Zafer Al-Asriya pms-crs/vendor/laravel/framework/src/Illuminate/Database/Migrations/Migrator.php(853): Illuminate/Console/View/Components/Task->render('2026_09_27_0000...', Object(Closure))
#15 C:/Users/User/Desktop/Zafer Al-Asriya pms-crs/vendor/laravel/framework/src/Illuminate/Database/Migrations/Migrator.php(253): Illuminate/Database/Migrations/Migrator->write('Illuminate//Cons...', '2026_09_27_0000...', Object(Closure))
#16 C:/Users/User/Desktop/Zafer Al-Asriya pms-crs/vendor/laravel/framework/src/Illuminate/Database/Migrations/Migrator.php(211): Illuminate/Database/Migrations/Migrator->runUp('C://Users//User//D...', 2, false)
#17 C:/Users/User/Desktop/Zafer Al-Asriya pms-crs/vendor/laravel/framework/src/Illuminate/Database/Migrations/Migrator.php(138): Illuminate/Database/Migrations/Migrator->runPending(Array, Array)
#18 C:/Users/User/Desktop/Zafer Al-Asriya pms-crs/vendor/laravel/framework/src/Illuminate/Database/Console/Migrations/MigrateCommand.php(118): Illuminate/Database/Migrations/Migrator->run(Array, Array)
#19 C:/Users/User/Desktop/Zafer Al-Asriya pms-crs/vendor/laravel/framework/src/Illuminate/Database/Migrations/Migrator.php(672): Illuminate/Database/Console/Migrations/MigrateCommand->Illuminate/Database/Console/Migrations/{closure}()
#20 C:/Users/User/Desktop/Zafer Al-Asriya pms-crs/vendor/laravel/framework/src/Illuminate/Database/Console/Migrations/MigrateCommand.php(111): Illuminate/Database/Migrations/Migrator->usingConnection(NULL, Object(Closure))
#21 C:/Users/User/Desktop/Zafer Al-Asriya pms-crs/vendor/laravel/framework/src/Illuminate/Database/Console/Migrations/MigrateCommand.php(90): Illuminate/Database/Console/Migrations/MigrateCommand->runMigrations()
#22 C:/Users/User/Desktop/Zafer Al-Asriya pms-crs/vendor/laravel/framework/src/Illuminate/Container/BoundMethod.php(36): Illuminate/Database/Console/Migrations/MigrateCommand->handle()
#23 C:/Users/User/Desktop/Zafer Al-Asriya pms-crs/vendor/laravel/framework/src/Illuminate/Container/Util.php(43): Illuminate/Container/BoundMethod::Illuminate/Container/{closure}()
#24 C:/Users/User/Desktop/Zafer Al-Asriya pms-crs/vendor/laravel/framework/src/Illuminate/Container/BoundMethod.php(96): Illuminate/Container/Util::unwrapIfClosure(Object(Closure))
#25 C:/Users/User/Desktop/Zafer Al-Asriya pms-crs/vendor/laravel/framework/src/Illuminate/Container/BoundMethod.php(35): Illuminate/Container/BoundMethod::callBoundMethod(Object(Illuminate/Foundation/Application), Array, Object(Closure))
#26 C:/Users/User/Desktop/Zafer Al-Asriya pms-crs/vendor/laravel/framework/src/Illuminate/Container/Container.php(803): Illuminate/Container/BoundMethod::call(Object(Illuminate/Foundation/Application), Array, Array, NULL)
#27 C:/Users/User/Desktop/Zafer Al-Asriya pms-crs/vendor/laravel/framework/src/Illuminate/Console/Command.php(292): Illuminate/Container/Container->call(Array)
#28 C:/Users/User/Desktop/Zafer Al-Asriya pms-crs/vendor/symfony/console/Command/Command.php(341): Illuminate/Console/Command->execute(Object(Symfony/Component/Console/Input/ArgvInput), Object(Laravel/Pao/Laravel/PaoOutputStyle))
#29 C:/Users/User/Desktop/Zafer Al-Asriya pms-crs/vendor/laravel/framework/src/Illuminate/Console/Command.php(261): Symfony/Component/Console/Command/Command->run(Object(Symfony/Component/Console/Input/ArgvInput), Object(Laravel/Pao/Laravel/PaoOutputStyle))
#30 C:/Users/User/Desktop/Zafer Al-Asriya pms-crs/vendor/symfony/console/Application.php(1117): Illuminate/Console/Command->run(Object(Symfony/Component/Console/Input/ArgvInput), Object(Symfony/Component/Console/Output/ConsoleOutput))
#31 C:/Users/User/Desktop/Zafer Al-Asriya pms-crs/vendor/symfony/console/Application.php(356): Symfony/Component/Console/Application->doRunCommand(Object(Illuminate/Database/Console/Migrations/MigrateCommand), Object(Symfony/Component/Console/Input/ArgvInput), Object(Symfony/Component/Console/Output/ConsoleOutput))
#32 C:/Users/User/Desktop/Zafer Al-Asriya pms-crs/vendor/symfony/console/Application.php(195): Symfony/Component/Console/Application->doRun(Object(Symfony/Component/Console/Input/ArgvInput), Object(Symfony/Component/Console/Output/ConsoleOutput))
#33 C:/Users/User/Desktop/Zafer Al-Asriya pms-crs/vendor/laravel/framework/src/Illuminate/Foundation/Console/Kernel.php(198): Symfony/Component/Console/Application->run(Object(Symfony/Component/Console/Input/ArgvInput), Object(Symfony/Component/Console/Output/ConsoleOutput))
#34 C:/Users/User/Desktop/Zafer Al-Asriya pms-crs/vendor/laravel/framework/src/Illuminate/Foundation/Application.php(1242): Illuminate/Foundation/Console/Kernel->handle(Object(Symfony/Component/Console/Input/ArgvInput), Object(Symfony/Component/Console/Output/ConsoleOutput))
#35 C:/Users/User/Desktop/Zafer Al-Asriya pms-crs/artisan(16): Illuminate/Foundation/Application->handleCommand(Object(Symfony/Component/Console/Input/ArgvInput))
#36 {main}
"} 
[2026-09-27 10:47:26] local.ERROR: Method Illuminate\Database\Schema\Blueprint::check does not exist. {"exception":"[object] (BadMethodCallException(code: 0): Method Illuminate\\Database\\Schema\\Blueprint::check does not exist. at C:/Users/User/Desktop/Zafer Al-Asriya pms-crs/vendor/laravel/framework/src/Illuminate/Macroable/Traits/Macroable.php:117)
[stacktrace]
#0 C:/Users/User/Desktop/Zafer Al-Asriya pms-crs/database/migrations/2026_09_27_000002_create_organization_tables.php(85): Illuminate/Database/Schema/Blueprint->__call('check', Array)
#1 C:/Users/User/Desktop/Zafer Al-Asriya pms-crs/vendor/laravel/framework/src/Illuminate/Database/Schema/Builder.php(525): Illuminate/Database/Migrations/Migration@anonymous->{closure}(Object(Illuminate/Database/Schema/Blueprint))
#2 C:/Users/User/Desktop/Zafer Al-Asriya pms-crs/vendor/laravel/framework/src/Illuminate/Support/helpers.php(393): Illuminate/Database/Schema/Builder->Illuminate/Database/Schema/{closure}(Object(Illuminate/Database/Schema/Blueprint))
#3 C:/Users/User/Desktop/Zafer Al-Asriya pms-crs/vendor/laravel/framework/src/Illuminate/Database/Schema/Builder.php(522): tap(Object(Illuminate/Database/Schema/Blueprint), Object(Closure))
#4 C:/Users/User/Desktop/Zafer Al-Asriya pms-crs/vendor/laravel/framework/src/Illuminate/Support/Facades/Facade.php(364): Illuminate/Database/Schema/Builder->create('legal_entities', Object(Closure))
#5 C:/Users/User/Desktop/Zafer Al-Asriya pms-crs/database/migrations/2026_09_27_000002_create_organization_tables.php(44): Illuminate/Support/Facades/Facade::__callStatic('create', Array)
#6 C:/Users/User/Desktop/Zafer Al-Asriya pms-crs/vendor/laravel/framework/src/Illuminate/Database/Migrations/Migrator.php(517): Illuminate/Database/Migrations/Migration@anonymous->up()
#7 C:/Users/User/Desktop/Zafer Al-Asriya pms-crs/vendor/laravel/framework/src/Illuminate/Database/Migrations/Migrator.php(442): Illuminate/Database/Migrations/Migrator->runMethod(Object(Illuminate/Database/MySqlConnection), Object(Illuminate/Database/Migrations/Migration@anonymous), 'up')
#8 C:/Users/User/Desktop/Zafer Al-Asriya pms-crs/vendor/laravel/framework/src/Illuminate/Database/Migrations/Migrator.php(451): Illuminate/Database/Migrations/Migrator->Illuminate/Database/Migrations/{closure}()
#9 C:/Users/User/Desktop/Zafer Al-Asriya pms-crs/vendor/laravel/framework/src/Illuminate/Database/Migrations/Migrator.php(253): Illuminate/Database/Migrations/Migrator->runMigration(Object(Illuminate/Database/Migrations/Migration@anonymous), 'up', '2026_09_27_0000...')
#10 C:/Users/User/Desktop/Zafer Al-Asriya pms-crs/vendor/laravel/framework/src/Illuminate/Console/View/Components/Task.php(43): Illuminate/Database/Migrations/Migrator->Illuminate/Database/Migrations/{closure}()
#11 C:/Users/User/Desktop/Zafer Al-Asriya pms-crs/vendor/laravel/framework/src/Illuminate/Database/Migrations/Migrator.php(853): Illuminate/Console/View/Components/Task->render('2026_09_27_0000...', Object(Closure))
#12 C:/Users/User/Desktop/Zafer Al-Asriya pms-crs/vendor/laravel/framework/src/Illuminate/Database/Migrations/Migrator.php(253): Illuminate/Database/Migrations/Migrator->write('Illuminate//Cons...', '2026_09_27_0000...', Object(Closure))
#13 C:/Users/User/Desktop/Zafer Al-Asriya pms-crs/vendor/laravel/framework/src/Illuminate/Database/Migrations/Migrator.php(211): Illuminate/Database/Migrations/Migrator->runUp('C://Users//User//D...', 1, false)
#14 C:/Users/User/Desktop/Zafer Al-Asriya pms-crs/vendor/laravel/framework/src/Illuminate/Database/Migrations/Migrator.php(138): Illuminate/Database/Migrations/Migrator->runPending(Array, Array)
#15 C:/Users/User/Desktop/Zafer Al-Asriya pms-crs/vendor/laravel/framework/src/Illuminate/Database/Console/Migrations/MigrateCommand.php(118): Illuminate/Database/Migrations/Migrator->run(Array, Array)
#16 C:/Users/User/Desktop/Zafer Al-Asriya pms-crs/vendor/laravel/framework/src/Illuminate/Database/Migrations/Migrator.php(672): Illuminate/Database/Console/Migrations/MigrateCommand->Illuminate/Database/Console/Migrations/{closure}()
#17 C:/Users/User/Desktop/Zafer Al-Asriya pms-crs/vendor/laravel/framework/src/Illuminate/Database/Console/Migrations/MigrateCommand.php(111): Illuminate/Database/Migrations/Migrator->usingConnection(NULL, Object(Closure))
#18 C:/Users/User/Desktop/Zafer Al-Asriya pms-crs/vendor/laravel/framework/src/Illuminate/Database/Console/Migrations/MigrateCommand.php(90): Illuminate/Database/Console/Migrations/MigrateCommand->runMigrations()
#19 C:/Users/User/Desktop/Zafer Al-Asriya pms-crs/vendor/laravel/framework/src/Illuminate/Container/BoundMethod.php(36): Illuminate/Database/Console/Migrations/MigrateCommand->handle()
#20 C:/Users/User/Desktop/Zafer Al-Asriya pms-crs/vendor/laravel/framework/src/Illuminate/Container/Util.php(43): Illuminate/Container/BoundMethod::Illuminate/Container/{closure}()
#21 C:/Users/User/Desktop/Zafer Al-Asriya pms-crs/vendor/laravel/framework/src/Illuminate/Container/BoundMethod.php(96): Illuminate/Container/Util::unwrapIfClosure(Object(Closure))
#22 C:/Users/User/Desktop/Zafer Al-Asriya pms-crs/vendor/laravel/framework/src/Illuminate/Container/BoundMethod.php(35): Illuminate/Container/BoundMethod::callBoundMethod(Object(Illuminate/Foundation/Application), Array, Object(Closure))
#23 C:/Users/User/Desktop/Zafer Al-Asriya pms-crs/vendor/laravel/framework/src/Illuminate/Container/Container.php(803): Illuminate/Container/BoundMethod::call(Object(Illuminate/Foundation/Application), Array, Array, NULL)
#24 C:/Users/User/Desktop/Zafer Al-Asriya pms-crs/vendor/laravel/framework/src/Illuminate/Console/Command.php(292): Illuminate/Container/Container->call(Array)
#25 C:/Users/User/Desktop/Zafer Al-Asriya pms-crs/vendor/symfony/console/Command/Command.php(341): Illuminate/Console/Command->execute(Object(Symfony/Component/Console/Input/ArgvInput), Object(Laravel/Pao/Laravel/PaoOutputStyle))
#26 C:/Users/User/Desktop/Zafer Al-Asriya pms-crs/vendor/laravel/framework/src/Illuminate/Console/Command.php(261): Symfony/Component/Console/Command/Command->run(Object(Symfony/Component/Console/Input/ArgvInput), Object(Laravel/Pao/Laravel/PaoOutputStyle))
#27 C:/Users/User/Desktop/Zafer Al-Asriya pms-crs/vendor/symfony/console/Application.php(1117): Illuminate/Console/Command->run(Object(Symfony/Component/Console/Input/ArgvInput), Object(Symfony/Component/Console/Output/ConsoleOutput))
#28 C:/Users/User/Desktop/Zafer Al-Asriya pms-crs/vendor/symfony/console/Application.php(356): Symfony/Component/Console/Application->doRunCommand(Object(Illuminate/Database/Console/Migrations/MigrateCommand), Object(Symfony/Component/Console/Input/ArgvInput), Object(Symfony/Component/Console/Output/ConsoleOutput))
#29 C:/Users/User/Desktop/Zafer Al-Asriya pms-crs/vendor/symfony/console/Application.php(195): Symfony/Component/Console/Application->doRun(Object(Symfony/Component/Console/Input/ArgvInput), Object(Symfony/Component/Console/Output/ConsoleOutput))
#30 C:/Users/User/Desktop/Zafer Al-Asriya pms-crs/vendor/laravel/framework/src/Illuminate/Foundation/Console/Kernel.php(198): Symfony/Component/Console/Application->run(Object(Symfony/Component/Console/Input/ArgvInput), Object(Symfony/Component/Console/Output/ConsoleOutput))
#31 C:/Users/User/Desktop/Zafer Al-Asriya pms-crs/vendor/laravel/framework/src/Illuminate/Foundation/Application.php(1242): Illuminate/Foundation/Console/Kernel->handle(Object(Symfony/Component/Console/Input/ArgvInput), Object(Symfony/Component/Console/Output/ConsoleOutput))
#32 C:/Users/User/Desktop/Zafer Al-Asriya pms-crs/artisan(16): Illuminate/Foundation/Application->handleCommand(Object(Symfony/Component/Console/Input/ArgvInput))
#33 {main}
"} 
[2026-09-27 10:59:28] local.ERROR: Undefined constant "App\Console\Commands\T_FLOAT" {"exception":"[object] (Error(code: 0): Undefined constant \"App\\Console\\Commands\\T_FLOAT\" at C:/Users/User/Desktop/Zafer Al-Asriya pms-crs/app/Console/Commands/GuardNoFloatInMoneyPaths.php:65)
[stacktrace]
#0 C:/Users/User/Desktop/Zafer Al-Asriya pms-crs/vendor/laravel/framework/src/Illuminate/Container/BoundMethod.php(36): App/Console/Commands/GuardNoFloatInMoneyPaths->handle()
#1 C:/Users/User/Desktop/Zafer Al-Asriya pms-crs/vendor/laravel/framework/src/Illuminate/Container/Util.php(43): Illuminate/Container/BoundMethod::Illuminate/Container/{closure}()
#2 C:/Users/User/Desktop/Zafer Al-Asriya pms-crs/vendor/laravel/framework/src/Illuminate/Container/BoundMethod.php(96): Illuminate/Container/Util::unwrapIfClosure(Object(Closure))
#3 C:/Users/User/Desktop/Zafer Al-Asriya pms-crs/vendor/laravel/framework/src/Illuminate/Container/BoundMethod.php(35): Illuminate/Container/BoundMethod::callBoundMethod(Object(Illuminate/Foundation/Application), Array, Object(Closure))
#4 C:/Users/User/Desktop/Zafer Al-Asriya pms-crs/vendor/laravel/framework/src/Illuminate/Container/Container.php(803): Illuminate/Container/BoundMethod::call(Object(Illuminate/Foundation/Application), Array, Array, NULL)
#5 C:/Users/User/Desktop/Zafer Al-Asriya pms-crs/vendor/laravel/framework/src/Illuminate/Console/Command.php(292): Illuminate/Container/Container->call(Array)
#6 C:/Users/User/Desktop/Zafer Al-Asriya pms-crs/vendor/symfony/console/Command/Command.php(341): Illuminate/Console/Command->execute(Object(Symfony/Component/Console/Input/ArgvInput), Object(Laravel/Pao/Laravel/PaoOutputStyle))
#7 C:/Users/User/Desktop/Zafer Al-Asriya pms-crs/vendor/laravel/framework/src/Illuminate/Console/Command.php(261): Symfony/Component/Console/Command/Command->run(Object(Symfony/Component/Console/Input/ArgvInput), Object(Laravel/Pao/Laravel/PaoOutputStyle))
#8 C:/Users/User/Desktop/Zafer Al-Asriya pms-crs/vendor/symfony/console/Application.php(1117): Illuminate/Console/Command->run(Object(Symfony/Component/Console/Input/ArgvInput), Object(Symfony/Component/Console/Output/ConsoleOutput))
#9 C:/Users/User/Desktop/Zafer Al-Asriya pms-crs/vendor/symfony/console/Application.php(356): Symfony/Component/Console/Application->doRunCommand(Object(App/Console/Commands/GuardNoFloatInMoneyPaths), Object(Symfony/Component/Console/Input/ArgvInput), Object(Symfony/Component/Console/Output/ConsoleOutput))
#10 C:/Users/User/Desktop/Zafer Al-Asriya pms-crs/vendor/symfony/console/Application.php(195): Symfony/Component/Console/Application->doRun(Object(Symfony/Component/Console/Input/ArgvInput), Object(Symfony/Component/Console/Output/ConsoleOutput))
#11 C:/Users/User/Desktop/Zafer Al-Asriya pms-crs/vendor/laravel/framework/src/Illuminate/Foundation/Console/Kernel.php(198): Symfony/Component/Console/Application->run(Object(Symfony/Component/Console/Input/ArgvInput), Object(Symfony/Component/Console/Output/ConsoleOutput))
#12 C:/Users/User/Desktop/Zafer Al-Asriya pms-crs/vendor/laravel/framework/src/Illuminate/Foundation/Application.php(1242): Illuminate/Foundation/Console/Kernel->handle(Object(Symfony/Component/Console/Input/ArgvInput), Object(Symfony/Component/Console/Output/ConsoleOutput))
#13 C:/Users/User/Desktop/Zafer Al-Asriya pms-crs/artisan(16): Illuminate/Foundation/Application->handleCommand(Object(Symfony/Component/Console/Input/ArgvInput))
#14 {main}
"} 
